// Jest Snapshot v1, https://goo.gl/fbAQLP

exports[`SkipLink should render correctly 1`] = `
.c1 {
  display: inline-block;
  border-radius: 0.25rem;
  font-weight: bold;
  -webkit-text-decoration: none;
  text-decoration: none;
  position: relative;
  color: #9932cc;
  fill: #9932cc;
}

.c1:focus-visible {
  position: relative;
  outline: none !important;
}

.c1:focus-visible::after {
  position: absolute;
  top: -0.35rem;
  right: -0.35rem;
  bottom: -0.35rem;
  left: -0.35rem;
  content: '';
  display: block;
  border: solid white 0.2rem;
  border-radius: 0.5rem;
  pointer-events: none;
}

.c1:hover {
  color: #44aeff;
  fill: #44aeff;
}

.c3 {
  margin: 0;
}

.c0 {
  background-color: #d1435b;
  overflow: hidden;
  display: -webkit-box;
  display: -webkit-flex;
  display: -ms-flexbox;
  display: flex;
  -webkit-box-pack: center;
  -webkit-justify-content: center;
  -ms-flex-pack: center;
  justify-content: center;
  -webkit-align-items: center;
  -webkit-box-align: center;
  -ms-flex-align: center;
  align-items: center;
  -webkit-transition: all 0.4s ease-in-out;
  transition: all 0.4s ease-in-out;
  -webkit-transition-delay: 0.2s;
  transition-delay: 0.2s;
  opacity: 0;
  height: 0;
  padding: 0;
}

.c0:focus-within,
.c0:focus {
  padding: calc(2 * 0.375rem);
  -webkit-transition: none;
  transition: none;
  opacity: 1;
  -webkit-transition-delay: 0;
  transition-delay: 0;
  height: 3rem;
}

.c2 {
  color: white;
  font-weight: bold;
  -webkit-text-decoration: none;
  text-decoration: none;
}

@media (prefers-color-scheme:dark) {
  .c1:focus-visible::after {
    border-color: white;
  }
}

@media (prefers-color-scheme:dark) {
  .c1 {
    color: #da70d6;
    fill: #da70d6;
  }

  .c1:hover {
    color: #44aeff;
    fill: #44aeff;
  }
}

<div
  className="c0"
>
  <a
    className="c1 c2"
    href="#main"
  >
    <span
      className="c3"
      size="inherit"
    >
      Skip to main content
    </span>
  </a>
</div>
`;

exports[`SkipLink should support arbitrary props 1`] = `
.c1 {
  display: inline-block;
  border-radius: 0.25rem;
  font-weight: bold;
  -webkit-text-decoration: none;
  text-decoration: none;
  position: relative;
  color: #9932cc;
  fill: #9932cc;
}

.c1:focus-visible {
  position: relative;
  outline: none !important;
}

.c1:focus-visible::after {
  position: absolute;
  top: -0.35rem;
  right: -0.35rem;
  bottom: -0.35rem;
  left: -0.35rem;
  content: '';
  display: block;
  border: solid white 0.2rem;
  border-radius: 0.5rem;
  pointer-events: none;
}

.c1:hover {
  color: #44aeff;
  fill: #44aeff;
}

.c3 {
  margin: 0;
}

.c0 {
  background-color: #d1435b;
  overflow: hidden;
  display: -webkit-box;
  display: -webkit-flex;
  display: -ms-flexbox;
  display: flex;
  -webkit-box-pack: center;
  -webkit-justify-content: center;
  -ms-flex-pack: center;
  justify-content: center;
  -webkit-align-items: center;
  -webkit-box-align: center;
  -ms-flex-align: center;
  align-items: center;
  -webkit-transition: all 0.4s ease-in-out;
  transition: all 0.4s ease-in-out;
  -webkit-transition-delay: 0.2s;
  transition-delay: 0.2s;
  opacity: 0;
  height: 0;
  padding: 0;
}

.c0:focus-within,
.c0:focus {
  padding: calc(2 * 0.375rem);
  -webkit-transition: none;
  transition: none;
  opacity: 1;
  -webkit-transition-delay: 0;
  transition-delay: 0;
  height: 3rem;
}

.c2 {
  color: white;
  font-weight: bold;
  -webkit-text-decoration: none;
  text-decoration: none;
}

@media (prefers-color-scheme:dark) {
  .c1:focus-visible::after {
    border-color: white;
  }
}

@media (prefers-color-scheme:dark) {
  .c1 {
    color: #da70d6;
    fill: #da70d6;
  }

  .c1:hover {
    color: #44aeff;
    fill: #44aeff;
  }
}

<div
  className="c0"
>
  <a
    className="c1 c2"
    href="#main"
  >
    <span
      className="c3"
      size="inherit"
    >
      Skip to main content
    </span>
  </a>
</div>
`;
