// Jest Snapshot v1, https://goo.gl/fbAQLP

exports[`Card should render correctly 1`] = `
<button
  aria-disabled={null}
  className="card card--atomic card--not-disabled"
  onClick={null}
  onKeyPress={[Function]}
  type="button"
>
  <div
    className="card__outer-container"
  >
    <div
      className="card__background"
      style={Object {}}
    />
    <div
      className="card__content-container card__content-container--padded"
    >
      Some content
    </div>
  </div>
</button>
`;
